Target: mode=selected-read-only driver=mysql host=127.0.0.1 database=lf_ai_review_0926
Migration files: 100
[INFO] table.deferred: ai_assistant_sessions is not_implemented and absent as expected.
[INFO] table.deferred: ai_conversations is not_implemented and absent as expected.
[INFO] table.deferred: ai_feedback is not_implemented and absent as expected.
[INFO] table.deferred: ai_insights is not_implemented and absent as expected.
[INFO] table.deferred: ai_messages is not_implemented and absent as expected.
[INFO] table.deferred: ai_prompt_templates is not_implemented and absent as expected.
[INFO] table.deferred: ai_recommendations is not_implemented and absent as expected.
[INFO] table.deferred: core_assessment_answer_files is not_implemented and absent as expected.
[INFO] table.deferred: core_assessment_answers is not_implemented and absent as expected.
[INFO] table.deferred: core_assessment_attempts is not_implemented and absent as expected.
[INFO] table.deferred: core_assessment_categories is not_implemented and absent as expected.
[INFO] table.deferred: core_assessment_grading_assignments is not_implemented and absent as expected.
[INFO] table.deferred: core_assessment_gradings is not_implemented and absent as expected.
[INFO] table.deferred: core_assessment_question_banks is not_implemented and absent as expected.
[INFO] table.deferred: core_assessment_question_contents is not_implemented and absent as expected.
[INFO] table.deferred: core_assessment_question_media is not_implemented and absent as expected.
[INFO] table.deferred: core_assessment_question_options is not_implemented and absent as expected.
[INFO] table.deferred: core_assessment_question_topics is not_implemented and absent as expected.
[INFO] table.deferred: core_assessment_questions is not_implemented and absent as expected.
[INFO] table.deferred: core_assessment_quiz_questions is not_implemented and absent as expected.
[INFO] table.deferred: core_assessment_quiz_sections is not_implemented and absent as expected.
[INFO] table.deferred: core_assessment_quizzes is not_implemented and absent as expected.
[INFO] table.deferred: core_assessment_rubric_items is not_implemented and absent as expected.
[INFO] table.deferred: core_assessment_rubrics is not_implemented and absent as expected.
[INFO] table.deferred: core_assessment_topics is not_implemented and absent as expected.
[INFO] table.deferred: core_liveclass_chat_logs is not_implemented and absent as expected.
[INFO] table.deferred: saas_credit_notes is not_implemented and absent as expected.
[INFO] table.deferred: saas_customer_domains is not_implemented and absent as expected.
[INFO] table.deferred: saas_customer_invitations is not_implemented and absent as expected.
[INFO] table.deferred: saas_customer_members is not_implemented and absent as expected.
[INFO] table.deferred: saas_customer_settings is not_implemented and absent as expected.
[INFO] table.deferred: saas_invoice_items is not_implemented and absent as expected.
[INFO] table.deferred: saas_invoices is not_implemented and absent as expected.
[INFO] table.deferred: saas_payment_methods is not_implemented and absent as expected.
[INFO] table.deferred: saas_payments is not_implemented and absent as expected.
[INFO] table.deferred: saas_plan_features is not_implemented and absent as expected.
[INFO] table.deferred: saas_plans is not_implemented and absent as expected.
[INFO] table.deferred: saas_subscription_items is not_implemented and absent as expected.
[INFO] table.deferred: saas_subscriptions is not_implemented and absent as expected.
[INFO] table.deferred: saas_usage_summaries is not_implemented and absent as expected.
[INFO] table.deferred: track_activity_summaries is not_implemented and absent as expected.
[INFO] table.deferred: track_ai_features is not_implemented and absent as expected.
[INFO] table.deferred: track_daily_summaries is not_implemented and absent as expected.
[INFO] table.deferred: track_event_types is not_implemented and absent as expected.
[INFO] table.deferred: track_events is not_implemented and absent as expected.
[INFO] table.deferred: track_feature_snapshots is not_implemented and absent as expected.
[INFO] table.deferred: track_learning_paths is not_implemented and absent as expected.
[INFO] table.deferred: track_learning_sessions is not_implemented and absent as expected.
schema:drift passed.
